// Jest Snapshot v1, https://goo.gl/fbAQLP

exports[`<WidgetGrid /> should not render without a \`config\` prop 1`] = `
<WidgetGrid
  config={Array []}
/>
`;

exports[`<WidgetGrid /> should render with a config 1`] = `
<WidgetGrid
  config={
    Array [
      Object {
        "col": 0,
        "height": 3,
        "row": 0,
        "settings": Object {
          "id": 83535,
          "image": "https://data.shopgate.com/shop_widget_images/23836/92204c0f264ac30d6836994c2fb64eb1.min.jpeg",
        },
        "type": "core-widgets/image",
        "width": 12,
      },
    ]
  }
>
  <div
    className="css-12z1ntc"
    style={
      Object {
        "height": "255px",
      }
    }
  >
    <Widget
      cellSize={85}
      component={null}
      config={
        Object {
          "col": 0,
          "height": 3,
          "row": 0,
          "settings": Object {
            "id": 83535,
            "image": "https://data.shopgate.com/shop_widget_images/23836/92204c0f264ac30d6836994c2fb64eb1.min.jpeg",
          },
          "type": "core-widgets/image",
          "width": 12,
        }
      }
    />
  </div>
</WidgetGrid>
`;
