// Jest Snapshot v1, https://goo.gl/fbAQLP

exports[`<CategoryListWidget /> should not render the CategoryListWidget 1`] = `
<CategoryListWidget
  fetchCategory={[Function]}
  getCategory={[Function]}
  items={null}
  settings={
    Object {
      "categoryNumber": "",
      "headline": "Yay Categories",
      "showImages": false,
    }
  }
/>
`;

exports[`<CategoryListWidget /> should render the CategoryListWidget 1`] = `
<CategoryListWidget
  fetchCategory={[Function]}
  getCategory={[Function]}
  items={
    Array [
      Object {
        "id": "1",
        "imageUrl": "/some/url",
        "name": "Headline",
      },
      Object {
        "id": "2",
        "imageUrl": "/some/url",
        "name": "Headline",
      },
    ]
  }
  settings={
    Object {
      "categoryNumber": "",
      "headline": "Yay Categories",
      "showImages": false,
    }
  }
>
  <div
    className="css-1tgouoh"
  >
    <h3
      className="css-twewb4"
    >
      Yay Categories
    </h3>
    <List>
      <List
        className=""
      >
        <ul
          className="list-style-none m-0 p-0 "
        >
          <ListItem
            className="ml-72 _dfirej mb-1"
            isSelected={false}
          >
            <li
              className="d-block position-relative ml-72 _dfirej mb-1 z-index-1"
            >
              <div
                className="ml--72 min-height-56 position-relative"
              >
                <Item
                  className={null}
                  image={null}
                  isDisabled={false}
                  isSelected={false}
                  link="/category/31"
                  onClick={null}
                  rightComponent={null}
                  title="Headline"
                >
                  <Glow
                    className={null}
                    color="#f7f7f7"
                    styles={
                      Object {
                        "container": null,
                        "glow": null,
                      }
                    }
                  >
                    <div
                      aria-hidden={true}
                      className="position-relative"
                      onTouchTap={[Function]}
                      style={null}
                    >
                      <div
                        className="position-absolute left-0 top-0 w-100P h-100P b-transparent _1dnc6ae z-index-0"
                        style={Object {}}
                      />
                      <Link
                        className=""
                        href="/category/31"
                        onClick={null}
                      >
                        <div
                          className="p-0 m-0 border-none text-align-left align-items-stretch w-100P "
                          onClick={[Function]}
                          role="link"
                        >
                          <Grid
                            className="align-items-center min-height-56 p-8px_0 position-relative z-index-2"
                            component="div"
                            wrap={false}
                          >
                            <div
                              className="align-items-center min-height-56 p-8px_0 position-relative z-index-2 d-flex min-width-100P"
                            >
                              <div
                                className="align-self-flex-start flex-shrink-0 m-0_16px w-40"
                              />
                              <GridItem
                                className="w-100P mt-2 pr-16 hyphens-auto _br4lpt word-break-break-word"
                                component="div"
                                grow={1}
                                shrink={1}
                              >
                                <div
                                  className="w-100P mt-2 pr-16 hyphens-auto _br4lpt word-break-break-word flex-grow-1"
                                >
                                  Headline
                                </div>
                              </GridItem>
                            </div>
                          </Grid>
                        </div>
                      </Link>
                    </div>
                  </Glow>
                </Item>
              </div>
            </li>
          </ListItem>
          <ListItem
            className="ml-72"
            isSelected={false}
          >
            <li
              className="d-block position-relative ml-72 z-index-1"
            >
              <div
                className="ml--72 min-height-56 position-relative"
              >
                <Item
                  className={null}
                  image={null}
                  isDisabled={false}
                  isSelected={false}
                  link="/category/32"
                  onClick={null}
                  rightComponent={null}
                  title="Headline"
                >
                  <Glow
                    className={null}
                    color="#f7f7f7"
                    styles={
                      Object {
                        "container": null,
                        "glow": null,
                      }
                    }
                  >
                    <div
                      aria-hidden={true}
                      className="position-relative"
                      onTouchTap={[Function]}
                      style={null}
                    >
                      <div
                        className="position-absolute left-0 top-0 w-100P h-100P b-transparent _1dnc6ae z-index-0"
                        style={Object {}}
                      />
                      <Link
                        className=""
                        href="/category/32"
                        onClick={null}
                      >
                        <div
                          className="p-0 m-0 border-none text-align-left align-items-stretch w-100P "
                          onClick={[Function]}
                          role="link"
                        >
                          <Grid
                            className="align-items-center min-height-56 p-8px_0 position-relative z-index-2"
                            component="div"
                            wrap={false}
                          >
                            <div
                              className="align-items-center min-height-56 p-8px_0 position-relative z-index-2 d-flex min-width-100P"
                            >
                              <div
                                className="align-self-flex-start flex-shrink-0 m-0_16px w-40"
                              />
                              <GridItem
                                className="w-100P mt-2 pr-16 hyphens-auto _br4lpt word-break-break-word"
                                component="div"
                                grow={1}
                                shrink={1}
                              >
                                <div
                                  className="w-100P mt-2 pr-16 hyphens-auto _br4lpt word-break-break-word flex-grow-1"
                                >
                                  Headline
                                </div>
                              </GridItem>
                            </div>
                          </Grid>
                        </div>
                      </Link>
                    </div>
                  </Glow>
                </Item>
              </div>
            </li>
          </ListItem>
        </ul>
      </List>
    </List>
  </div>
</CategoryListWidget>
`;
